2026-07-13 12:27:09 | github.com | Allowed
2026-07-13 12:27:19 | instagram.com | Blocked
2026-07-13 12:27:31 | youtube.com | Blocked
2026-07-25 12:02:02 | github.com | Allowed
2026-07-25 12:04:23 | github.com | Allowed
2026-07-25 12:04:31 | instagram.com | Blocked
2026-07-25 12:23:27 | snapchat. | Unknown
2026-07-25 13:53:58 | snapchat. | Unknown
2026-07-25 13:54:10 | instagram.com | Blocked
2026-07-25 13:54:17 | instagram.com | Blocked
2026-07-25 13:56:23 | instagram.com | Blocked
2026-07-25 14:00:07 | instagram.com | Blocked
2026-07-25 14:00:14 | github.com | Allowed
2026-07-25 14:01:34 | instagram.com | Blocked
2026-07-25 14:12:51 | instagram.com | Blocked
2026-07-25 14:12:55 | github.com | Allowed
2026-07-25 14:13:01 | snapchat. | Unknown
2026-07-25 14:13:09 | snapchat.com | Blocked
2026-07-25 14:14:23 | github.com | Allowed
2026-07-25 14:22:22 | github.com | Allowed
2026-07-25 14:25:45 | github.com | Allowed
2026-07-25 14:25:50 | github.com | Allowed
2026-07-25 14:39:09 | github.com | Allowed
2026-07-25 14:39:13 | github.com | Allowed
2026-07-25 14:40:01 | snapchat.com | Blocked
2026-07-27 09:40:10 | github.com | Allowed
2026-07-27 09:41:16 | github.com | Allowed
2026-07-27 09:55:45 | github.com | Allowed
2026-07-27 09:55:59 | github.com | Allowed
2026-07-27 10:06:44 | github.com | Allowed
2026-07-27 10:21:30 | instagram.com | Blocked
2026-07-27 10:35:59 | github.com | Allowed
